
> @workspace/wh-ppic@0.0.0 dev
> vite --config vite.config.ts --host 0.0.0.0

vite.config.ts (3:24) [33m[UNRESOLVED_IMPORT] Warning:[0m Could not resolve '@tailwindcss/vite' in vite.config.ts
   [38;5;246m╭[0m[38;5;246m─[0m[38;5;246m[[0m vite.config.ts:3:25 [38;5;246m][0m
   [38;5;246m│[0m
 [38;5;246m3 │[0m [38;5;249mi[0m[38;5;249mm[0m[38;5;249mp[0m[38;5;249mo[0m[38;5;249mr[0m[38;5;249mt[0m[38;5;249m [0m[38;5;249mt[0m[38;5;249ma[0m[38;5;249mi[0m[38;5;249ml[0m[38;5;249mw[0m[38;5;249mi[0m[38;5;249mn[0m[38;5;249md[0m[38;5;249mc[0m[38;5;249ms[0m[38;5;249ms[0m[38;5;249m [0m[38;5;249mf[0m[38;5;249mr[0m[38;5;249mo[0m[38;5;249mm[0m[38;5;249m [0m"@tailwindcss/vite"[38;5;249m;[0m
 [38;5;240m  │[0m                         ─────────┬─────────  
 [38;5;240m  │[0m                                  ╰─────────── Module not found, treating it as an external dependency
[38;5;246m───╯[0m

vite.config.ts (5:32) [33m[UNRESOLVED_IMPORT] Warning:[0m Could not resolve '@replit/vite-plugin-runtime-error-modal' in vite.config.ts
   [38;5;246m╭[0m[38;5;246m─[0m[38;5;246m[[0m vite.config.ts:5:33 [38;5;246m][0m
   [38;5;246m│[0m
 [38;5;246m5 │[0m [38;5;249mi[0m[38;5;249mm[0m[38;5;249mp[0m[38;5;249mo[0m[38;5;249mr[0m[38;5;249mt[0m[38;5;249m [0m[38;5;249mr[0m[38;5;249mu[0m[38;5;249mn[0m[38;5;249mt[0m[38;5;249mi[0m[38;5;249mm[0m[38;5;249me[0m[38;5;249mE[0m[38;5;249mr[0m[38;5;249mr[0m[38;5;249mo[0m[38;5;249mr[0m[38;5;249mO[0m[38;5;249mv[0m[38;5;249me[0m[38;5;249mr[0m[38;5;249ml[0m[38;5;249ma[0m[38;5;249my[0m[38;5;249m [0m[38;5;249mf[0m[38;5;249mr[0m[38;5;249mo[0m[38;5;249mm[0m[38;5;249m [0m"@replit/vite-plugin-runtime-error-modal"[38;5;249m;[0m
 [38;5;240m  │[0m                                 ────────────────────┬────────────────────  
 [38;5;240m  │[0m                                                     ╰────────────────────── Module not found, treating it as an external dependency
[38;5;246m───╯[0m

vite.config.ts (38:23) [33m[UNRESOLVED_IMPORT] Warning:[0m Could not resolve '@replit/vite-plugin-cartographer' in vite.config.ts
    [38;5;246m╭[0m[38;5;246m─[0m[38;5;246m[[0m vite.config.ts:38:24 [38;5;246m][0m
    [38;5;246m│[0m
 [38;5;246m38 │[0m [38;5;249m [0m[38;5;249m [0m[38;5;249m [0m[38;5;249m [0m[38;5;249m [0m[38;5;249m [0m[38;5;249m [0m[38;5;249m [0m[38;5;249m [0m[38;5;249m [0m[38;5;249ma[0m[38;5;249mw[0m[38;5;249ma[0m[38;5;249mi[0m[38;5;249mt[0m[38;5;249m [0m[38;5;249mi[0m[38;5;249mm[0m[38;5;249mp[0m[38;5;249mo[0m[38;5;249mr[0m[38;5;249mt[0m[38;5;249m([0m"@replit/vite-plugin-cartographer"[38;5;249m)[0m[38;5;249m.[0m[38;5;249mt[0m[38;5;249mh[0m[38;5;249me[0m[38;5;249mn[0m[38;5;249m([0m[38;5;249m([0m[38;5;249mm[0m[38;5;249m)[0m[38;5;249m [0m[38;5;249m=[0m[38;5;249m>[0m
 [38;5;240m   │[0m                        ─────────────────┬────────────────  
 [38;5;240m   │[0m                                         ╰────────────────── Module not found, treating it as an external dependency
[38;5;246m────╯[0m

vite.config.ts (43:23) [33m[UNRESOLVED_IMPORT] Warning:[0m Could not resolve '@replit/vite-plugin-dev-banner' in vite.config.ts
    [38;5;246m╭[0m[38;5;246m─[0m[38;5;246m[[0m vite.config.ts:43:24 [38;5;246m][0m
    [38;5;246m│[0m
 [38;5;246m43 │[0m [38;5;249m [0m[38;5;249m [0m[38;5;249m [0m[38;5;249m [0m[38;5;249m [0m[38;5;249m [0m[38;5;249m [0m[38;5;249m [0m[38;5;249m [0m[38;5;249m [0m[38;5;249ma[0m[38;5;249mw[0m[38;5;249ma[0m[38;5;249mi[0m[38;5;249mt[0m[38;5;249m [0m[38;5;249mi[0m[38;5;249mm[0m[38;5;249mp[0m[38;5;249mo[0m[38;5;249mr[0m[38;5;249mt[0m[38;5;249m([0m"@replit/vite-plugin-dev-banner"[38;5;249m)[0m[38;5;249m.[0m[38;5;249mt[0m[38;5;249mh[0m[38;5;249me[0m[38;5;249mn[0m[38;5;249m([0m[38;5;249m([0m[38;5;249mm[0m[38;5;249m)[0m[38;5;249m [0m[38;5;249m=[0m[38;5;249m>[0m
 [38;5;240m   │[0m                        ────────────────┬───────────────  
 [38;5;240m   │[0m                                        ╰───────────────── Module not found, treating it as an external dependency
[38;5;246m────╯[0m

failed to load config from /workspaces/Docs/app-bun/node-wh-ppic/vite.config.ts
error when starting dev server:
Error [ERR_MODULE_NOT_FOUND]: Cannot find package '@tailwindcss/vite' imported from /workspaces/Docs/app-bun/node-wh-ppic/node_modules/.vite-temp/vite.config.ts.timestamp-1773471432623-a83144cc690cf8.mjs
    at Object.getPackageJSONURL (node:internal/modules/package_json_reader:316:9)
    at packageResolve (node:internal/modules/esm/resolve:768:81)
    at moduleResolve (node:internal/modules/esm/resolve:858:18)
    at defaultResolve (node:internal/modules/esm/resolve:990:11)
    at #cachedDefaultResolve (node:internal/modules/esm/loader:737:20)
    at ModuleLoader.resolve (node:internal/modules/esm/loader:714:38)
    at ModuleLoader.getModuleJobForImport (node:internal/modules/esm/loader:293:38)
    at #link (node:internal/modules/esm/module_job:208:49) {
  code: 'ERR_MODULE_NOT_FOUND'
}
